[2026-03-16 04:45:57.781] [jointLog] [info] setting maxHashResizeThreads to 8
[2026-03-16 04:45:57.781] [jointLog] [info] Fragment incompatibility prior below threshold.  Incompatible fragments will be ignored.
[2026-03-16 04:45:57.781] [jointLog] [info] Usage of --validateMappings implies use of minScoreFraction. Since not explicitly specified, it is being set to 0.65
[2026-03-16 04:45:57.781] [jointLog] [info] Setting consensusSlack to selective-alignment default of 0.35.
[2026-03-16 04:45:57.781] [jointLog] [info] parsing read library format
[2026-03-16 04:45:57.781] [jointLog] [info] There is 1 library.
[2026-03-16 04:45:57.781] [jointLog] [info] Loading pufferfish index
[2026-03-16 04:45:57.782] [jointLog] [info] Loading dense pufferfish index.
[2026-03-16 04:45:59.966] [jointLog] [info] done
[2026-03-16 04:46:00.058] [jointLog] [info] Index contained 251955 targets
[2026-03-16 04:46:00.161] [jointLog] [info] Number of decoys : 0
[2026-03-16 04:46:00.748] [jointLog] [info] Automatically detected most likely library type as SR

[2026-03-16 04:50:28.504] [jointLog] [info] Thread saw mini-batch with a maximum of 2.40% zero probability fragments
[2026-03-16 04:50:28.560] [jointLog] [info] Thread saw mini-batch with a maximum of 2.52% zero probability fragments
[2026-03-16 04:50:28.599] [jointLog] [info] Thread saw mini-batch with a maximum of 2.16% zero probability fragments
[2026-03-16 04:50:28.755] [jointLog] [info] Thread saw mini-batch with a maximum of 2.40% zero probability fragments
[2026-03-16 04:50:28.778] [jointLog] [info] Thread saw mini-batch with a maximum of 2.12% zero probability fragments
[2026-03-16 04:50:28.783] [jointLog] [info] Thread saw mini-batch with a maximum of 2.16% zero probability fragments
[2026-03-16 04:50:28.841] [jointLog] [info] Thread saw mini-batch with a maximum of 2.20% zero probability fragments
[2026-03-16 04:50:28.864] [jointLog] [info] Thread saw mini-batch with a maximum of 2.30% zero probability fragments
[2026-03-16 04:50:29.368] [fileLog] [info] 
At end of round 0
==================
Observed 20621280 total fragments (20621280 in most recent round)

[2026-03-16 04:50:29.367] [jointLog] [info] Computed 459394 rich equivalence classes for further processing
[2026-03-16 04:50:29.367] [jointLog] [info] Counted 17051949 total reads in the equivalence classes 
[2026-03-16 04:50:29.377] [jointLog] [info] Number of mappings discarded because of alignment score : 116349593
[2026-03-16 04:50:29.377] [jointLog] [info] Number of fragments entirely discarded because of alignment score : 158266
[2026-03-16 04:50:29.377] [jointLog] [info] Number of fragments discarded because they are best-mapped to decoys : 0
[2026-03-16 04:50:29.377] [jointLog] [info] Number of fragments discarded because they have only dovetail (discordant) mappings to valid targets : 0
[2026-03-16 04:50:29.377] [jointLog] [info] Mapping rate = 82.691%

[2026-03-16 04:50:29.377] [jointLog] [info] finished quantifyLibrary()
[2026-03-16 04:50:29.378] [jointLog] [info] Starting optimizer
[2026-03-16 04:50:29.640] [jointLog] [info] Marked 0 weighted equivalence classes as degenerate
[2026-03-16 04:50:29.692] [jointLog] [info] iteration = 0 | max rel diff. = 4455.92
[2026-03-16 04:50:34.527] [jointLog] [info] iteration = 100 | max rel diff. = 18.2598
[2026-03-16 04:50:39.738] [jointLog] [info] iteration = 200 | max rel diff. = 9.40586
[2026-03-16 04:50:45.068] [jointLog] [info] iteration = 300 | max rel diff. = 19.2086
[2026-03-16 04:50:50.736] [jointLog] [info] iteration = 400 | max rel diff. = 9.70915
[2026-03-16 04:50:55.889] [jointLog] [info] iteration = 500 | max rel diff. = 0.936509
[2026-03-16 04:51:00.992] [jointLog] [info] iteration = 600 | max rel diff. = 17.9007
[2026-03-16 04:51:06.237] [jointLog] [info] iteration = 700 | max rel diff. = 1.40935
[2026-03-16 04:51:11.575] [jointLog] [info] iteration = 800 | max rel diff. = 1.23572
[2026-03-16 04:51:16.938] [jointLog] [info] iteration = 900 | max rel diff. = 0.147652
[2026-03-16 04:51:22.518] [jointLog] [info] iteration = 1000 | max rel diff. = 0.244967
[2026-03-16 04:51:29.013] [jointLog] [info] iteration = 1100 | max rel diff. = 0.141144
[2026-03-16 04:51:34.481] [jointLog] [info] iteration = 1200 | max rel diff. = 0.627088
[2026-03-16 04:51:39.620] [jointLog] [info] iteration = 1300 | max rel diff. = 0.309879
[2026-03-16 04:51:45.690] [jointLog] [info] iteration = 1400 | max rel diff. = 2.85895
[2026-03-16 04:51:51.730] [jointLog] [info] iteration = 1500 | max rel diff. = 0.30594
[2026-03-16 04:51:57.378] [jointLog] [info] iteration = 1600 | max rel diff. = 0.112904
[2026-03-16 04:52:03.607] [jointLog] [info] iteration = 1700 | max rel diff. = 0.258372
[2026-03-16 04:52:08.885] [jointLog] [info] iteration = 1800 | max rel diff. = 0.191062
[2026-03-16 04:52:14.668] [jointLog] [info] iteration = 1900 | max rel diff. = 0.245718
[2026-03-16 04:52:21.251] [jointLog] [info] iteration = 2000 | max rel diff. = 2.22639
[2026-03-16 04:52:26.280] [jointLog] [info] iteration = 2100 | max rel diff. = 0.151225
[2026-03-16 04:52:31.285] [jointLog] [info] iteration = 2200 | max rel diff. = 5.05613
[2026-03-16 04:52:31.332] [jointLog] [info] iteration = 2202 | max rel diff. = 0.00620194
[2026-03-16 04:52:31.359] [jointLog] [info] Finished optimizer
[2026-03-16 04:52:31.359] [jointLog] [info] writing output 

